// Jest Snapshot v1, https://goo.gl/fbAQLP

exports[`SectionRenderer renders multiple section types 1`] = `
<DocumentFragment>
  <div>
    <header
      style="padding: 12px 16px;"
    >
      <div
        style="display: flex; align-items: center; gap: 12px;"
      >
        <strong />
      </div>
    </header>
    <div
      class="site-container"
    >
      <div
        data-sb-section-index="0"
      >
        <section
          aria-label="Hero: Welcome"
          class="sb-hero-section"
          data-align="center"
          data-layout="media_top"
          data-sb-section="hero"
          data-valign="center"
          id="section-undefined"
          style="--sb-hero-title-adaptive: 1.1;"
        >
          <div
            class="sb-hero-content-container"
            data-align="center"
          >
            <div
              class="sb-hero-text-content"
            >
              <h1
                class="sb-hero-title"
              >
                Welcome
              </h1>
            </div>
          </div>
        </section>
      </div>
      <div
        data-sb-section-index="1"
      >
        <section
          aria-label="Content: Block"
          class="sb-content-block"
          data-background="surface"
          data-sb-section="content_block"
          id="section-undefined"
          style="--sb-bg-color: var(--sb-color-surface); --sb-text-color: var(--sb-color-text); --sb-cb-title-adaptive: 1.1;"
        >
          <div
            class="sb-content-block-container"
          >
            <div
              class="sb-content-block-layout"
              data-layout="media_top"
            >
              <div
                class="sb-content-block-text-container"
              >
                <div
                  class="sb-content-block-text"
                  data-align="left"
                >
                  <h2
                    class="sb-content-block-title"
                  >
                    Block
                  </h2>
                </div>
              </div>
            </div>
          </div>
        </section>
      </div>
      <div
        data-sb-section-index="2"
      >
        <section
          aria-label="Schedule: Schedule"
          class="sb-schedule-section"
          data-sb-section="schedule"
          id="section-undefined"
          style="--sb-bg-color: var(--sb-color-surface); --sb-text-color: var(--sb-color-text); --sb-sc-padding: var(--sb-space-section); --sb-sc-view-mode: stacked;"
        >
          <div
            class="sb-schedule-container"
          >
            <h2
              class="sb-schedule-title"
            >
              Schedule
            </h2>
            <div
              class="sb-schedule-view-mode-toggle"
            >
              <button
                aria-pressed="true"
                class="sb-schedule-toggle-button active"
              >
                Week View
              </button>
              <button
                aria-pressed="false"
                class="sb-schedule-toggle-button "
              >
                Day View
              </button>
            </div>
            <div
              class="sb-schedule-grid"
              data-view-mode="stacked"
            >
              <div
                class="sb-schedule-day-section"
              >
                <h3
                  class="sb-schedule-day-header"
                >
                  Sat Sep 13 (Today)
                </h3>
                <div
                  class="sb-schedule-empty-day"
                >
                  No appointments scheduled
                </div>
              </div>
              <div
                class="sb-schedule-day-section"
              >
                <h3
                  class="sb-schedule-day-header"
                >
                  Sun Sep 14
                </h3>
                <div
                  class="sb-schedule-empty-day"
                >
                  No appointments scheduled
                </div>
              </div>
            </div>
          </div>
        </section>
      </div>
    </div>
  </div>
</DocumentFragment>
`;
